==108726== Memcheck, a memory error detector
==108726== Copyright (C) 2002-2022, and GNU GPL'd, by Julian Seward et al.
==108726== Using Valgrind-3.20.0 and LibVEX; rerun with -h for copyright info
==108726== Command: ./main random 1
==108726== Parent PID: 95454
==108726== 
==108726== Invalid read of size 8
==108726==    at 0x408CFD: euler_tour(Graph*, std::vector<long long, std::allocator<long long> >&) (utils.cpp:230)
==108726==    by 0x416D43: tarjan_vishkin(Graph*) (tarjan-vishkin.cpp:26)
==108726==    by 0x402F9E: runAlgorithms(Graph*, double&, double&, double&, double&, int) (main.cpp:147)
==108726==    by 0x403268: degree() (main.cpp:187)
==108726==    by 0x403E4C: main (main.cpp:304)
==108726==  Address 0x4df8bd8 is 8 bytes before a block of size 1,360 alloc'd
==108726==    at 0x4843FF5: operator new(unsigned long) (vg_replace_malloc.c:434)
==108726==    by 0x40729B: std::__new_allocator<long long>::allocate(unsigned long, void const*) (new_allocator.h:137)
==108726==    by 0x407130: std::allocator_traits<std::allocator<long long> >::allocate(std::allocator<long long>&, unsigned long) (alloc_traits.h:464)
==108726==    by 0x411EF9: std::_Vector_base<long long, std::allocator<long long> >::_M_allocate(unsigned long) (stl_vector.h:378)
==108726==    by 0x411AF6: std::_Vector_base<long long, std::allocator<long long> >::_M_create_storage(unsigned long) (stl_vector.h:395)
==108726==    by 0x40FB96: std::_Vector_base<long long, std::allocator<long long> >::_Vector_base(unsigned long, std::allocator<long long> const&) (stl_vector.h:332)
==108726==    by 0x40E922: std::vector<long long, std::allocator<long long> >::vector(unsigned long, long long const&, std::allocator<long long> const&) (stl_vector.h:566)
==108726==    by 0x408979: euler_tour(Graph*, std::vector<long long, std::allocator<long long> >&) (utils.cpp:212)
==108726==    by 0x416D43: tarjan_vishkin(Graph*) (tarjan-vishkin.cpp:26)
==108726==    by 0x402F9E: runAlgorithms(Graph*, double&, double&, double&, double&, int) (main.cpp:147)
==108726==    by 0x403268: degree() (main.cpp:187)
==108726==    by 0x403E4C: main (main.cpp:304)
==108726== 
==108726== Invalid read of size 8
==108726==    at 0x408D39: euler_tour(Graph*, std::vector<long long, std::allocator<long long> >&) (utils.cpp:231)
==108726==    by 0x416D43: tarjan_vishkin(Graph*) (tarjan-vishkin.cpp:26)
==108726==    by 0x402F9E: runAlgorithms(Graph*, double&, double&, double&, double&, int) (main.cpp:147)
==108726==    by 0x403268: degree() (main.cpp:187)
==108726==    by 0x403E4C: main (main.cpp:304)
==108726==  Address 0x4df8bd8 is 8 bytes before a block of size 1,360 alloc'd
==108726==    at 0x4843FF5: operator new(unsigned long) (vg_replace_malloc.c:434)
==108726==    by 0x40729B: std::__new_allocator<long long>::allocate(unsigned long, void const*) (new_allocator.h:137)
==108726==    by 0x407130: std::allocator_traits<std::allocator<long long> >::allocate(std::allocator<long long>&, unsigned long) (alloc_traits.h:464)
==108726==    by 0x411EF9: std::_Vector_base<long long, std::allocator<long long> >::_M_allocate(unsigned long) (stl_vector.h:378)
==108726==    by 0x411AF6: std::_Vector_base<long long, std::allocator<long long> >::_M_create_storage(unsigned long) (stl_vector.h:395)
==108726==    by 0x40FB96: std::_Vector_base<long long, std::allocator<long long> >::_Vector_base(unsigned long, std::allocator<long long> const&) (stl_vector.h:332)
==108726==    by 0x40E922: std::vector<long long, std::allocator<long long> >::vector(unsigned long, long long const&, std::allocator<long long> const&) (stl_vector.h:566)
==108726==    by 0x408979: euler_tour(Graph*, std::vector<long long, std::allocator<long long> >&) (utils.cpp:212)
==108726==    by 0x416D43: tarjan_vishkin(Graph*) (tarjan-vishkin.cpp:26)
==108726==    by 0x402F9E: runAlgorithms(Graph*, double&, double&, double&, double&, int) (main.cpp:147)
==108726==    by 0x403268: degree() (main.cpp:187)
==108726==    by 0x403E4C: main (main.cpp:304)
==108726== 
==108726== Invalid read of size 8
==108726==    at 0x40BA3B: euler_tour_parallel(Graph*, std::vector<long long, std::allocator<long long> >&) [clone ._omp_fn.1] (utils.cpp:272)
==108726==    by 0x4B90765: GOMP_parallel (in /usr/lib64/libgomp.so.1.0.0)
==108726==    by 0x409031: euler_tour_parallel(Graph*, std::vector<long long, std::allocator<long long> >&) (utils.cpp:264)
==108726==    by 0x418667: tarjan_vishkin_parallel(Graph*) (tarjan-vishkin-parallel.cpp:39)
==108726==    by 0x402FBE: runAlgorithms(Graph*, double&, double&, double&, double&, int) (main.cpp:149)
==108726==    by 0x403268: degree() (main.cpp:187)
==108726==    by 0x403E4C: main (main.cpp:304)
==108726==  Address 0x4e1c158 is 8 bytes before a block of size 1,360 alloc'd
==108726==    at 0x4843FF5: operator new(unsigned long) (vg_replace_malloc.c:434)
==108726==    by 0x40729B: std::__new_allocator<long long>::allocate(unsigned long, void const*) (new_allocator.h:137)
==108726==    by 0x407130: std::allocator_traits<std::allocator<long long> >::allocate(std::allocator<long long>&, unsigned long) (alloc_traits.h:464)
==108726==    by 0x411EF9: std::_Vector_base<long long, std::allocator<long long> >::_M_allocate(unsigned long) (stl_vector.h:378)
==108726==    by 0x411AF6: std::_Vector_base<long long, std::allocator<long long> >::_M_create_storage(unsigned long) (stl_vector.h:395)
==108726==    by 0x40FB96: std::_Vector_base<long long, std::allocator<long long> >::_Vector_base(unsigned long, std::allocator<long long> const&) (stl_vector.h:332)
==108726==    by 0x40E922: std::vector<long long, std::allocator<long long> >::vector(unsigned long, long long const&, std::allocator<long long> const&) (stl_vector.h:566)
==108726==    by 0x408F10: euler_tour_parallel(Graph*, std::vector<long long, std::allocator<long long> >&) (utils.cpp:239)
==108726==    by 0x418667: tarjan_vishkin_parallel(Graph*) (tarjan-vishkin-parallel.cpp:39)
==108726==    by 0x402FBE: runAlgorithms(Graph*, double&, double&, double&, double&, int) (main.cpp:149)
==108726==    by 0x403268: degree() (main.cpp:187)
==108726==    by 0x403E4C: main (main.cpp:304)
==108726== 
==108726== Invalid read of size 8
==108726==    at 0x40BADB: euler_tour_parallel(Graph*, std::vector<long long, std::allocator<long long> >&) [clone ._omp_fn.1] (utils.cpp:273)
==108726==    by 0x4B90765: GOMP_parallel (in /usr/lib64/libgomp.so.1.0.0)
==108726==    by 0x409031: euler_tour_parallel(Graph*, std::vector<long long, std::allocator<long long> >&) (utils.cpp:264)
==108726==    by 0x418667: tarjan_vishkin_parallel(Graph*) (tarjan-vishkin-parallel.cpp:39)
==108726==    by 0x402FBE: runAlgorithms(Graph*, double&, double&, double&, double&, int) (main.cpp:149)
==108726==    by 0x403268: degree() (main.cpp:187)
==108726==    by 0x403E4C: main (main.cpp:304)
==108726==  Address 0x4e1c158 is 8 bytes before a block of size 1,360 alloc'd
==108726==    at 0x4843FF5: operator new(unsigned long) (vg_replace_malloc.c:434)
==108726==    by 0x40729B: std::__new_allocator<long long>::allocate(unsigned long, void const*) (new_allocator.h:137)
==108726==    by 0x407130: std::allocator_traits<std::allocator<long long> >::allocate(std::allocator<long long>&, unsigned long) (alloc_traits.h:464)
==108726==    by 0x411EF9: std::_Vector_base<long long, std::allocator<long long> >::_M_allocate(unsigned long) (stl_vector.h:378)
==108726==    by 0x411AF6: std::_Vector_base<long long, std::allocator<long long> >::_M_create_storage(unsigned long) (stl_vector.h:395)
==108726==    by 0x40FB96: std::_Vector_base<long long, std::allocator<long long> >::_Vector_base(unsigned long, std::allocator<long long> const&) (stl_vector.h:332)
==108726==    by 0x40E922: std::vector<long long, std::allocator<long long> >::vector(unsigned long, long long const&, std::allocator<long long> const&) (stl_vector.h:566)
==108726==    by 0x408F10: euler_tour_parallel(Graph*, std::vector<long long, std::allocator<long long> >&) (utils.cpp:239)
==108726==    by 0x418667: tarjan_vishkin_parallel(Graph*) (tarjan-vishkin-parallel.cpp:39)
==108726==    by 0x402FBE: runAlgorithms(Graph*, double&, double&, double&, double&, int) (main.cpp:149)
==108726==    by 0x403268: degree() (main.cpp:187)
==108726==    by 0x403E4C: main (main.cpp:304)
==108726== 
==108726== Invalid read of size 8
==108726==    at 0x4085D0: findConnectedComponents(Graph*, std::vector<std::vector<long long, std::allocator<long long> >, std::allocator<std::vector<long long, std::allocator<long long> > > >&) (utils.cpp:180)
==108726==    by 0x418701: tarjan_vishkin_parallel(Graph*) (tarjan-vishkin-parallel.cpp:54)
==108726==    by 0x402FBE: runAlgorithms(Graph*, double&, double&, double&, double&, int) (main.cpp:149)
==108726==    by 0x403268: degree() (main.cpp:187)
==108726==    by 0x403E4C: main (main.cpp:304)
==108726==  Address 0x4e240e0 is 0 bytes inside a block of size 16 free'd
==108726==    at 0x48468DD: operator delete(void*, unsigned long) (vg_replace_malloc.c:947)
==108726==    by 0x40CB2C: auxillary_graph_parallel(Graph*, Graph*, Graph*, std::vector<long long, std::allocator<long long> >&, std::vector<long long, std::allocator<long long> >&, std::vector<long long, std::allocator<long long> >&, std::vector<long long, std::allocator<long long> >&) [clone ._omp_fn.2] (utils.cpp:508)
==108726==    by 0x4B90765: GOMP_parallel (in /usr/lib64/libgomp.so.1.0.0)
==108726==    by 0x409989: auxillary_graph_parallel(Graph*, Graph*, Graph*, std::vector<long long, std::allocator<long long> >&, std::vector<long long, std::allocator<long long> >&, std::vector<long long, std::allocator<long long> >&, std::vector<long long, std::allocator<long long> >&) (utils.cpp:436)
==108726==    by 0x4186D4: tarjan_vishkin_parallel(Graph*) (tarjan-vishkin-parallel.cpp:45)
==108726==    by 0x402FBE: runAlgorithms(Graph*, double&, double&, double&, double&, int) (main.cpp:149)
==108726==    by 0x403268: degree() (main.cpp:187)
==108726==    by 0x403E4C: main (main.cpp:304)
==108726==  Block was alloc'd at
==108726==    at 0x4843FF5: operator new(unsigned long) (vg_replace_malloc.c:434)
==108726==    by 0x40C898: auxillary_graph_parallel(Graph*, Graph*, Graph*, std::vector<long long, std::allocator<long long> >&, std::vector<long long, std::allocator<long long> >&, std::vector<long long, std::allocator<long long> >&, std::vector<long long, std::allocator<long long> >&) [clone ._omp_fn.2] (utils.cpp:459)
==108726==    by 0x4B90765: GOMP_parallel (in /usr/lib64/libgomp.so.1.0.0)
==108726==    by 0x409989: auxillary_graph_parallel(Graph*, Graph*, Graph*, std::vector<long long, std::allocator<long long> >&, std::vector<long long, std::allocator<long long> >&, std::vector<long long, std::allocator<long long> >&, std::vector<long long, std::allocator<long long> >&) (utils.cpp:436)
==108726==    by 0x4186D4: tarjan_vishkin_parallel(Graph*) (tarjan-vishkin-parallel.cpp:45)
==108726==    by 0x402FBE: runAlgorithms(Graph*, double&, double&, double&, double&, int) (main.cpp:149)
==108726==    by 0x403268: degree() (main.cpp:187)
==108726==    by 0x403E4C: main (main.cpp:304)
==108726== 
==108726== Invalid read of size 8
==108726==    at 0x4085DD: findConnectedComponents(Graph*, std::vector<std::vector<long long, std::allocator<long long> >, std::allocator<std::vector<long long, std::allocator<long long> > > >&) (utils.cpp:180)
==108726==    by 0x418701: tarjan_vishkin_parallel(Graph*) (tarjan-vishkin-parallel.cpp:54)
==108726==    by 0x402FBE: runAlgorithms(Graph*, double&, double&, double&, double&, int) (main.cpp:149)
==108726==    by 0x403268: degree() (main.cpp:187)
==108726==    by 0x403E4C: main (main.cpp:304)
==108726==  Address 0x4e240e8 is 8 bytes inside a block of size 16 free'd
==108726==    at 0x48468DD: operator delete(void*, unsigned long) (vg_replace_malloc.c:947)
==108726==    by 0x40CB2C: auxillary_graph_parallel(Graph*, Graph*, Graph*, std::vector<long long, std::allocator<long long> >&, std::vector<long long, std::allocator<long long> >&, std::vector<long long, std::allocator<long long> >&, std::vector<long long, std::allocator<long long> >&) [clone ._omp_fn.2] (utils.cpp:508)
==108726==    by 0x4B90765: GOMP_parallel (in /usr/lib64/libgomp.so.1.0.0)
==108726==    by 0x409989: auxillary_graph_parallel(Graph*, Graph*, Graph*, std::vector<long long, std::allocator<long long> >&, std::vector<long long, std::allocator<long long> >&, std::vector<long long, std::allocator<long long> >&, std::vector<long long, std::allocator<long long> >&) (utils.cpp:436)
==108726==    by 0x4186D4: tarjan_vishkin_parallel(Graph*) (tarjan-vishkin-parallel.cpp:45)
==108726==    by 0x402FBE: runAlgorithms(Graph*, double&, double&, double&, double&, int) (main.cpp:149)
==108726==    by 0x403268: degree() (main.cpp:187)
==108726==    by 0x403E4C: main (main.cpp:304)
==108726==  Block was alloc'd at
==108726==    at 0x4843FF5: operator new(unsigned long) (vg_replace_malloc.c:434)
==108726==    by 0x40C898: auxillary_graph_parallel(Graph*, Graph*, Graph*, std::vector<long long, std::allocator<long long> >&, std::vector<long long, std::allocator<long long> >&, std::vector<long long, std::allocator<long long> >&, std::vector<long long, std::allocator<long long> >&) [clone ._omp_fn.2] (utils.cpp:459)
==108726==    by 0x4B90765: GOMP_parallel (in /usr/lib64/libgomp.so.1.0.0)
==108726==    by 0x409989: auxillary_graph_parallel(Graph*, Graph*, Graph*, std::vector<long long, std::allocator<long long> >&, std::vector<long long, std::allocator<long long> >&, std::vector<long long, std::allocator<long long> >&, std::vector<long long, std::allocator<long long> >&) (utils.cpp:436)
==108726==    by 0x4186D4: tarjan_vishkin_parallel(Graph*) (tarjan-vishkin-parallel.cpp:45)
==108726==    by 0x402FBE: runAlgorithms(Graph*, double&, double&, double&, double&, int) (main.cpp:149)
==108726==    by 0x403268: degree() (main.cpp:187)
==108726==    by 0x403E4C: main (main.cpp:304)
==108726== 
==108726== Invalid read of size 8
==108726==    at 0x4085E7: findConnectedComponents(Graph*, std::vector<std::vector<long long, std::allocator<long long> >, std::allocator<std::vector<long long, std::allocator<long long> > > >&) (utils.cpp:180)
==108726==    by 0x418701: tarjan_vishkin_parallel(Graph*) (tarjan-vishkin-parallel.cpp:54)
==108726==    by 0x402FBE: runAlgorithms(Graph*, double&, double&, double&, double&, int) (main.cpp:149)
==108726==    by 0x403268: degree() (main.cpp:187)
==108726==    by 0x403E4C: main (main.cpp:304)
==108726==  Address 0x4e240e0 is 0 bytes inside a block of size 16 free'd
==108726==    at 0x48468DD: operator delete(void*, unsigned long) (vg_replace_malloc.c:947)
==108726==    by 0x40CB2C: auxillary_graph_parallel(Graph*, Graph*, Graph*, std::vector<long long, std::allocator<long long> >&, std::vector<long long, std::allocator<long long> >&, std::vector<long long, std::allocator<long long> >&, std::vector<long long, std::allocator<long long> >&) [clone ._omp_fn.2] (utils.cpp:508)
==108726==    by 0x4B90765: GOMP_parallel (in /usr/lib64/libgomp.so.1.0.0)
==108726==    by 0x409989: auxillary_graph_parallel(Graph*, Graph*, Graph*, std::vector<long long, std::allocator<long long> >&, std::vector<long long, std::allocator<long long> >&, std::vector<long long, std::allocator<long long> >&, std::vector<long long, std::allocator<long long> >&) (utils.cpp:436)
==108726==    by 0x4186D4: tarjan_vishkin_parallel(Graph*) (tarjan-vishkin-parallel.cpp:45)
==108726==    by 0x402FBE: runAlgorithms(Graph*, double&, double&, double&, double&, int) (main.cpp:149)
==108726==    by 0x403268: degree() (main.cpp:187)
==108726==    by 0x403E4C: main (main.cpp:304)
==108726==  Block was alloc'd at
==108726==    at 0x4843FF5: operator new(unsigned long) (vg_replace_malloc.c:434)
==108726==    by 0x40C898: auxillary_graph_parallel(Graph*, Graph*, Graph*, std::vector<long long, std::allocator<long long> >&, std::vector<long long, std::allocator<long long> >&, std::vector<long long, std::allocator<long long> >&, std::vector<long long, std::allocator<long long> >&) [clone ._omp_fn.2] (utils.cpp:459)
==108726==    by 0x4B90765: GOMP_parallel (in /usr/lib64/libgomp.so.1.0.0)
==108726==    by 0x409989: auxillary_graph_parallel(Graph*, Graph*, Graph*, std::vector<long long, std::allocator<long long> >&, std::vector<long long, std::allocator<long long> >&, std::vector<long long, std::allocator<long long> >&, std::vector<long long, std::allocator<long long> >&) (utils.cpp:436)
==108726==    by 0x4186D4: tarjan_vishkin_parallel(Graph*) (tarjan-vishkin-parallel.cpp:45)
==108726==    by 0x402FBE: runAlgorithms(Graph*, double&, double&, double&, double&, int) (main.cpp:149)
==108726==    by 0x403268: degree() (main.cpp:187)
==108726==    by 0x403E4C: main (main.cpp:304)
==108726== 
==108726== Invalid read of size 8
==108726==    at 0x408CFD: euler_tour(Graph*, std::vector<long long, std::allocator<long long> >&) (utils.cpp:230)
==108726==    by 0x418BF6: tarjan_vishkin_uf(Graph*) (tarjan-vishkin-uf.cpp:26)
==108726==    by 0x402FDE: runAlgorithms(Graph*, double&, double&, double&, double&, int) (main.cpp:151)
==108726==    by 0x403268: degree() (main.cpp:187)
==108726==    by 0x403E4C: main (main.cpp:304)
==108726==  Address 0x4e45d78 is 8 bytes before a block of size 1,360 alloc'd
==108726==    at 0x4843FF5: operator new(unsigned long) (vg_replace_malloc.c:434)
==108726==    by 0x40729B: std::__new_allocator<long long>::allocate(unsigned long, void const*) (new_allocator.h:137)
==108726==    by 0x407130: std::allocator_traits<std::allocator<long long> >::allocate(std::allocator<long long>&, unsigned long) (alloc_traits.h:464)
==108726==    by 0x411EF9: std::_Vector_base<long long, std::allocator<long long> >::_M_allocate(unsigned long) (stl_vector.h:378)
==108726==    by 0x411AF6: std::_Vector_base<long long, std::allocator<long long> >::_M_create_storage(unsigned long) (stl_vector.h:395)
==108726==    by 0x40FB96: std::_Vector_base<long long, std::allocator<long long> >::_Vector_base(unsigned long, std::allocator<long long> const&) (stl_vector.h:332)
==108726==    by 0x40E922: std::vector<long long, std::allocator<long long> >::vector(unsigned long, long long const&, std::allocator<long long> const&) (stl_vector.h:566)
==108726==    by 0x408979: euler_tour(Graph*, std::vector<long long, std::allocator<long long> >&) (utils.cpp:212)
==108726==    by 0x418BF6: tarjan_vishkin_uf(Graph*) (tarjan-vishkin-uf.cpp:26)
==108726==    by 0x402FDE: runAlgorithms(Graph*, double&, double&, double&, double&, int) (main.cpp:151)
==108726==    by 0x403268: degree() (main.cpp:187)
==108726==    by 0x403E4C: main (main.cpp:304)
==108726== 
==108726== Invalid read of size 8
==108726==    at 0x408D39: euler_tour(Graph*, std::vector<long long, std::allocator<long long> >&) (utils.cpp:231)
==108726==    by 0x418BF6: tarjan_vishkin_uf(Graph*) (tarjan-vishkin-uf.cpp:26)
==108726==    by 0x402FDE: runAlgorithms(Graph*, double&, double&, double&, double&, int) (main.cpp:151)
==108726==    by 0x403268: degree() (main.cpp:187)
==108726==    by 0x403E4C: main (main.cpp:304)
==108726==  Address 0x4e45d78 is 8 bytes before a block of size 1,360 alloc'd
==108726==    at 0x4843FF5: operator new(unsigned long) (vg_replace_malloc.c:434)
==108726==    by 0x40729B: std::__new_allocator<long long>::allocate(unsigned long, void const*) (new_allocator.h:137)
==108726==    by 0x407130: std::allocator_traits<std::allocator<long long> >::allocate(std::allocator<long long>&, unsigned long) (alloc_traits.h:464)
==108726==    by 0x411EF9: std::_Vector_base<long long, std::allocator<long long> >::_M_allocate(unsigned long) (stl_vector.h:378)
==108726==    by 0x411AF6: std::_Vector_base<long long, std::allocator<long long> >::_M_create_storage(unsigned long) (stl_vector.h:395)
==108726==    by 0x40FB96: std::_Vector_base<long long, std::allocator<long long> >::_Vector_base(unsigned long, std::allocator<long long> const&) (stl_vector.h:332)
==108726==    by 0x40E922: std::vector<long long, std::allocator<long long> >::vector(unsigned long, long long const&, std::allocator<long long> const&) (stl_vector.h:566)
==108726==    by 0x408979: euler_tour(Graph*, std::vector<long long, std::allocator<long long> >&) (utils.cpp:212)
==108726==    by 0x418BF6: tarjan_vishkin_uf(Graph*) (tarjan-vishkin-uf.cpp:26)
==108726==    by 0x402FDE: runAlgorithms(Graph*, double&, double&, double&, double&, int) (main.cpp:151)
==108726==    by 0x403268: degree() (main.cpp:187)
==108726==    by 0x403E4C: main (main.cpp:304)
==108726== 
==108726== Invalid read of size 8
==108726==    at 0x40BA3B: euler_tour_parallel(Graph*, std::vector<long long, std::allocator<long long> >&) [clone ._omp_fn.1] (utils.cpp:272)
==108726==    by 0x4B90765: GOMP_parallel (in /usr/lib64/libgomp.so.1.0.0)
==108726==    by 0x409031: euler_tour_parallel(Graph*, std::vector<long long, std::allocator<long long> >&) (utils.cpp:264)
==108726==    by 0x419185: tarjan_vishkin_parallel_uf(Graph*) (tv-parallel-union-find.cpp:39)
==108726==    by 0x402FFE: runAlgorithms(Graph*, double&, double&, double&, double&, int) (main.cpp:153)
==108726==    by 0x403268: degree() (main.cpp:187)
==108726==    by 0x403E4C: main (main.cpp:304)
==108726==  Address 0x4e696a8 is 8 bytes before a block of size 1,360 alloc'd
==108726==    at 0x4843FF5: operator new(unsigned long) (vg_replace_malloc.c:434)
==108726==    by 0x40729B: std::__new_allocator<long long>::allocate(unsigned long, void const*) (new_allocator.h:137)
==108726==    by 0x407130: std::allocator_traits<std::allocator<long long> >::allocate(std::allocator<long long>&, unsigned long) (alloc_traits.h:464)
==108726==    by 0x411EF9: std::_Vector_base<long long, std::allocator<long long> >::_M_allocate(unsigned long) (stl_vector.h:378)
==108726==    by 0x411AF6: std::_Vector_base<long long, std::allocator<long long> >::_M_create_storage(unsigned long) (stl_vector.h:395)
==108726==    by 0x40FB96: std::_Vector_base<long long, std::allocator<long long> >::_Vector_base(unsigned long, std::allocator<long long> const&) (stl_vector.h:332)
==108726==    by 0x40E922: std::vector<long long, std::allocator<long long> >::vector(unsigned long, long long const&, std::allocator<long long> const&) (stl_vector.h:566)
==108726==    by 0x408F10: euler_tour_parallel(Graph*, std::vector<long long, std::allocator<long long> >&) (utils.cpp:239)
==108726==    by 0x419185: tarjan_vishkin_parallel_uf(Graph*) (tv-parallel-union-find.cpp:39)
==108726==    by 0x402FFE: runAlgorithms(Graph*, double&, double&, double&, double&, int) (main.cpp:153)
==108726==    by 0x403268: degree() (main.cpp:187)
==108726==    by 0x403E4C: main (main.cpp:304)
==108726== 
==108726== Invalid read of size 8
==108726==    at 0x40BADB: euler_tour_parallel(Graph*, std::vector<long long, std::allocator<long long> >&) [clone ._omp_fn.1] (utils.cpp:273)
==108726==    by 0x4B90765: GOMP_parallel (in /usr/lib64/libgomp.so.1.0.0)
==108726==    by 0x409031: euler_tour_parallel(Graph*, std::vector<long long, std::allocator<long long> >&) (utils.cpp:264)
==108726==    by 0x419185: tarjan_vishkin_parallel_uf(Graph*) (tv-parallel-union-find.cpp:39)
==108726==    by 0x402FFE: runAlgorithms(Graph*, double&, double&, double&, double&, int) (main.cpp:153)
==108726==    by 0x403268: degree() (main.cpp:187)
==108726==    by 0x403E4C: main (main.cpp:304)
==108726==  Address 0x4e696a8 is 8 bytes before a block of size 1,360 alloc'd
==108726==    at 0x4843FF5: operator new(unsigned long) (vg_replace_malloc.c:434)
==108726==    by 0x40729B: std::__new_allocator<long long>::allocate(unsigned long, void const*) (new_allocator.h:137)
==108726==    by 0x407130: std::allocator_traits<std::allocator<long long> >::allocate(std::allocator<long long>&, unsigned long) (alloc_traits.h:464)
==108726==    by 0x411EF9: std::_Vector_base<long long, std::allocator<long long> >::_M_allocate(unsigned long) (stl_vector.h:378)
==108726==    by 0x411AF6: std::_Vector_base<long long, std::allocator<long long> >::_M_create_storage(unsigned long) (stl_vector.h:395)
==108726==    by 0x40FB96: std::_Vector_base<long long, std::allocator<long long> >::_Vector_base(unsigned long, std::allocator<long long> const&) (stl_vector.h:332)
==108726==    by 0x40E922: std::vector<long long, std::allocator<long long> >::vector(unsigned long, long long const&, std::allocator<long long> const&) (stl_vector.h:566)
==108726==    by 0x408F10: euler_tour_parallel(Graph*, std::vector<long long, std::allocator<long long> >&) (utils.cpp:239)
==108726==    by 0x419185: tarjan_vishkin_parallel_uf(Graph*) (tv-parallel-union-find.cpp:39)
==108726==    by 0x402FFE: runAlgorithms(Graph*, double&, double&, double&, double&, int) (main.cpp:153)
==108726==    by 0x403268: degree() (main.cpp:187)
==108726==    by 0x403E4C: main (main.cpp:304)
==108726== 
==108726== Invalid read of size 8
==108726==    at 0x4085D0: findConnectedComponents(Graph*, std::vector<std::vector<long long, std::allocator<long long> >, std::allocator<std::vector<long long, std::allocator<long long> > > >&) (utils.cpp:180)
==108726==    by 0x41921F: tarjan_vishkin_parallel_uf(Graph*) (tv-parallel-union-find.cpp:54)
==108726==    by 0x402FFE: runAlgorithms(Graph*, double&, double&, double&, double&, int) (main.cpp:153)
==108726==    by 0x403268: degree() (main.cpp:187)
==108726==    by 0x403E4C: main (main.cpp:304)
==108726==  Address 0x4e702a0 is 0 bytes inside a block of size 16 free'd
==108726==    at 0x48468DD: operator delete(void*, unsigned long) (vg_replace_malloc.c:947)
==108726==    by 0x40DAA0: auxillary_graph_parallel_uf(Graph*, Graph*, Graph*, std::vector<long long, std::allocator<long long> >&, std::vector<long long, std::allocator<long long> >&, std::vector<long long, std::allocator<long long> >&, std::vector<long long, std::allocator<long long> >&) [clone ._omp_fn.2] (utils.cpp:842)
==108726==    by 0x4B90765: GOMP_parallel (in /usr/lib64/libgomp.so.1.0.0)
==108726==    by 0x40B23A: auxillary_graph_parallel_uf(Graph*, Graph*, Graph*, std::vector<long long, std::allocator<long long> >&, std::vector<long long, std::allocator<long long> >&, std::vector<long long, std::allocator<long long> >&, std::vector<long long, std::allocator<long long> >&) (utils.cpp:758)
==108726==    by 0x4191F2: tarjan_vishkin_parallel_uf(Graph*) (tv-parallel-union-find.cpp:45)
==108726==    by 0x402FFE: runAlgorithms(Graph*, double&, double&, double&, double&, int) (main.cpp:153)
==108726==    by 0x403268: degree() (main.cpp:187)
==108726==    by 0x403E4C: main (main.cpp:304)
==108726==  Block was alloc'd at
==108726==    at 0x4843FF5: operator new(unsigned long) (vg_replace_malloc.c:434)
==108726==    by 0x40D7B0: auxillary_graph_parallel_uf(Graph*, Graph*, Graph*, std::vector<long long, std::allocator<long long> >&, std::vector<long long, std::allocator<long long> >&, std::vector<long long, std::allocator<long long> >&, std::vector<long long, std::allocator<long long> >&) [clone ._omp_fn.2] (utils.cpp:781)
==108726==    by 0x4B90765: GOMP_parallel (in /usr/lib64/libgomp.so.1.0.0)
==108726==    by 0x40B23A: auxillary_graph_parallel_uf(Graph*, Graph*, Graph*, std::vector<long long, std::allocator<long long> >&, std::vector<long long, std::allocator<long long> >&, std::vector<long long, std::allocator<long long> >&, std::vector<long long, std::allocator<long long> >&) (utils.cpp:758)
==108726==    by 0x4191F2: tarjan_vishkin_parallel_uf(Graph*) (tv-parallel-union-find.cpp:45)
==108726==    by 0x402FFE: runAlgorithms(Graph*, double&, double&, double&, double&, int) (main.cpp:153)
==108726==    by 0x403268: degree() (main.cpp:187)
==108726==    by 0x403E4C: main (main.cpp:304)
==108726== 
==108726== Invalid read of size 8
==108726==    at 0x4085DD: findConnectedComponents(Graph*, std::vector<std::vector<long long, std::allocator<long long> >, std::allocator<std::vector<long long, std::allocator<long long> > > >&) (utils.cpp:180)
==108726==    by 0x41921F: tarjan_vishkin_parallel_uf(Graph*) (tv-parallel-union-find.cpp:54)
==108726==    by 0x402FFE: runAlgorithms(Graph*, double&, double&, double&, double&, int) (main.cpp:153)
==108726==    by 0x403268: degree() (main.cpp:187)
==108726==    by 0x403E4C: main (main.cpp:304)
==108726==  Address 0x4e702a8 is 8 bytes inside a block of size 16 free'd
==108726==    at 0x48468DD: operator delete(void*, unsigned long) (vg_replace_malloc.c:947)
==108726==    by 0x40DAA0: auxillary_graph_parallel_uf(Graph*, Graph*, Graph*, std::vector<long long, std::allocator<long long> >&, std::vector<long long, std::allocator<long long> >&, std::vector<long long, std::allocator<long long> >&, std::vector<long long, std::allocator<long long> >&) [clone ._omp_fn.2] (utils.cpp:842)
==108726==    by 0x4B90765: GOMP_parallel (in /usr/lib64/libgomp.so.1.0.0)
==108726==    by 0x40B23A: auxillary_graph_parallel_uf(Graph*, Graph*, Graph*, std::vector<long long, std::allocator<long long> >&, std::vector<long long, std::allocator<long long> >&, std::vector<long long, std::allocator<long long> >&, std::vector<long long, std::allocator<long long> >&) (utils.cpp:758)
==108726==    by 0x4191F2: tarjan_vishkin_parallel_uf(Graph*) (tv-parallel-union-find.cpp:45)
==108726==    by 0x402FFE: runAlgorithms(Graph*, double&, double&, double&, double&, int) (main.cpp:153)
==108726==    by 0x403268: degree() (main.cpp:187)
==108726==    by 0x403E4C: main (main.cpp:304)
==108726==  Block was alloc'd at
==108726==    at 0x4843FF5: operator new(unsigned long) (vg_replace_malloc.c:434)
==108726==    by 0x40D7B0: auxillary_graph_parallel_uf(Graph*, Graph*, Graph*, std::vector<long long, std::allocator<long long> >&, std::vector<long long, std::allocator<long long> >&, std::vector<long long, std::allocator<long long> >&, std::vector<long long, std::allocator<long long> >&) [clone ._omp_fn.2] (utils.cpp:781)
==108726==    by 0x4B90765: GOMP_parallel (in /usr/lib64/libgomp.so.1.0.0)
==108726==    by 0x40B23A: auxillary_graph_parallel_uf(Graph*, Graph*, Graph*, std::vector<long long, std::allocator<long long> >&, std::vector<long long, std::allocator<long long> >&, std::vector<long long, std::allocator<long long> >&, std::vector<long long, std::allocator<long long> >&) (utils.cpp:758)
==108726==    by 0x4191F2: tarjan_vishkin_parallel_uf(Graph*) (tv-parallel-union-find.cpp:45)
==108726==    by 0x402FFE: runAlgorithms(Graph*, double&, double&, double&, double&, int) (main.cpp:153)
==108726==    by 0x403268: degree() (main.cpp:187)
==108726==    by 0x403E4C: main (main.cpp:304)
==108726== 
==108726== Invalid read of size 8
==108726==    at 0x4085E7: findConnectedComponents(Graph*, std::vector<std::vector<long long, std::allocator<long long> >, std::allocator<std::vector<long long, std::allocator<long long> > > >&) (utils.cpp:180)
==108726==    by 0x41921F: tarjan_vishkin_parallel_uf(Graph*) (tv-parallel-union-find.cpp:54)
==108726==    by 0x402FFE: runAlgorithms(Graph*, double&, double&, double&, double&, int) (main.cpp:153)
==108726==    by 0x403268: degree() (main.cpp:187)
==108726==    by 0x403E4C: main (main.cpp:304)
==108726==  Address 0x4e702a0 is 0 bytes inside a block of size 16 free'd
==108726==    at 0x48468DD: operator delete(void*, unsigned long) (vg_replace_malloc.c:947)
==108726==    by 0x40DAA0: auxillary_graph_parallel_uf(Graph*, Graph*, Graph*, std::vector<long long, std::allocator<long long> >&, std::vector<long long, std::allocator<long long> >&, std::vector<long long, std::allocator<long long> >&, std::vector<long long, std::allocator<long long> >&) [clone ._omp_fn.2] (utils.cpp:842)
==108726==    by 0x4B90765: GOMP_parallel (in /usr/lib64/libgomp.so.1.0.0)
==108726==    by 0x40B23A: auxillary_graph_parallel_uf(Graph*, Graph*, Graph*, std::vector<long long, std::allocator<long long> >&, std::vector<long long, std::allocator<long long> >&, std::vector<long long, std::allocator<long long> >&, std::vector<long long, std::allocator<long long> >&) (utils.cpp:758)
==108726==    by 0x4191F2: tarjan_vishkin_parallel_uf(Graph*) (tv-parallel-union-find.cpp:45)
==108726==    by 0x402FFE: runAlgorithms(Graph*, double&, double&, double&, double&, int) (main.cpp:153)
==108726==    by 0x403268: degree() (main.cpp:187)
==108726==    by 0x403E4C: main (main.cpp:304)
==108726==  Block was alloc'd at
==108726==    at 0x4843FF5: operator new(unsigned long) (vg_replace_malloc.c:434)
==108726==    by 0x40D7B0: auxillary_graph_parallel_uf(Graph*, Graph*, Graph*, std::vector<long long, std::allocator<long long> >&, std::vector<long long, std::allocator<long long> >&, std::vector<long long, std::allocator<long long> >&, std::vector<long long, std::allocator<long long> >&) [clone ._omp_fn.2] (utils.cpp:781)
==108726==    by 0x4B90765: GOMP_parallel (in /usr/lib64/libgomp.so.1.0.0)
==108726==    by 0x40B23A: auxillary_graph_parallel_uf(Graph*, Graph*, Graph*, std::vector<long long, std::allocator<long long> >&, std::vector<long long, std::allocator<long long> >&, std::vector<long long, std::allocator<long long> >&, std::vector<long long, std::allocator<long long> >&) (utils.cpp:758)
==108726==    by 0x4191F2: tarjan_vishkin_parallel_uf(Graph*) (tv-parallel-union-find.cpp:45)
==108726==    by 0x402FFE: runAlgorithms(Graph*, double&, double&, double&, double&, int) (main.cpp:153)
==108726==    by 0x403268: degree() (main.cpp:187)
==108726==    by 0x403E4C: main (main.cpp:304)
==108726== 
==108726== 
==108726== HEAP SUMMARY:
==108726==     in use at exit: 14,768 bytes in 588 blocks
==108726==   total heap usage: 14,705 allocs, 14,117 frees, 972,976 bytes allocated
==108726== 
==108726== 352 bytes in 22 blocks are definitely lost in loss record 4 of 13
==108726==    at 0x4843FF5: operator new(unsigned long) (vg_replace_malloc.c:434)
==108726==    by 0x40A12B: auxillary_graph(Graph*, Graph*, Graph*, std::vector<long long, std::allocator<long long> >&, std::vector<long long, std::allocator<long long> >&, std::vector<long long, std::allocator<long long> >&, std::vector<long long, std::allocator<long long> >&) (utils.cpp:591)
==108726==    by 0x416DB0: tarjan_vishkin(Graph*) (tarjan-vishkin.cpp:32)
==108726==    by 0x402F9E: runAlgorithms(Graph*, double&, double&, double&, double&, int) (main.cpp:147)
==108726==    by 0x403268: degree() (main.cpp:187)
==108726==    by 0x403E4C: main (main.cpp:304)
==108726== 
==108726== 352 bytes in 22 blocks are definitely lost in loss record 5 of 13
==108726==    at 0x4843FF5: operator new(unsigned long) (vg_replace_malloc.c:434)
==108726==    by 0x40AB13: auxillary_graph_uf(Graph*, Graph*, Graph*, std::vector<long long, std::allocator<long long> >&, std::vector<long long, std::allocator<long long> >&, std::vector<long long, std::allocator<long long> >&, std::vector<long long, std::allocator<long long> >&) (utils.cpp:674)
==108726==    by 0x418C63: tarjan_vishkin_uf(Graph*) (tarjan-vishkin-uf.cpp:32)
==108726==    by 0x402FDE: runAlgorithms(Graph*, double&, double&, double&, double&, int) (main.cpp:151)
==108726==    by 0x403268: degree() (main.cpp:187)
==108726==    by 0x403E4C: main (main.cpp:304)
==108726== 
==108726== 688 bytes in 43 blocks are definitely lost in loss record 6 of 13
==108726==    at 0x4843FF5: operator new(unsigned long) (vg_replace_malloc.c:434)
==108726==    by 0x40D41C: auxillary_graph_parallel_uf(Graph*, Graph*, Graph*, std::vector<long long, std::allocator<long long> >&, std::vector<long long, std::allocator<long long> >&, std::vector<long long, std::allocator<long long> >&, std::vector<long long, std::allocator<long long> >&) [clone ._omp_fn.2] (utils.cpp:816)
==108726==    by 0x4B90765: GOMP_parallel (in /usr/lib64/libgomp.so.1.0.0)
==108726==    by 0x40B23A: auxillary_graph_parallel_uf(Graph*, Graph*, Graph*, std::vector<long long, std::allocator<long long> >&, std::vector<long long, std::allocator<long long> >&, std::vector<long long, std::allocator<long long> >&, std::vector<long long, std::allocator<long long> >&) (utils.cpp:758)
==108726==    by 0x4191F2: tarjan_vishkin_parallel_uf(Graph*) (tv-parallel-union-find.cpp:45)
==108726==    by 0x402FFE: runAlgorithms(Graph*, double&, double&, double&, double&, int) (main.cpp:153)
==108726==    by 0x403268: degree() (main.cpp:187)
==108726==    by 0x403E4C: main (main.cpp:304)
==108726== 
==108726== 1,184 bytes in 74 blocks are definitely lost in loss record 7 of 13
==108726==    at 0x4843FF5: operator new(unsigned long) (vg_replace_malloc.c:434)
==108726==    by 0x40D7B0: auxillary_graph_parallel_uf(Graph*, Graph*, Graph*, std::vector<long long, std::allocator<long long> >&, std::vector<long long, std::allocator<long long> >&, std::vector<long long, std::allocator<long long> >&, std::vector<long long, std::allocator<long long> >&) [clone ._omp_fn.2] (utils.cpp:781)
==108726==    by 0x4B90765: GOMP_parallel (in /usr/lib64/libgomp.so.1.0.0)
==108726==    by 0x40B23A: auxillary_graph_parallel_uf(Graph*, Graph*, Graph*, std::vector<long long, std::allocator<long long> >&, std::vector<long long, std::allocator<long long> >&, std::vector<long long, std::allocator<long long> >&, std::vector<long long, std::allocator<long long> >&) (utils.cpp:758)
==108726==    by 0x4191F2: tarjan_vishkin_parallel_uf(Graph*) (tv-parallel-union-find.cpp:45)
==108726==    by 0x402FFE: runAlgorithms(Graph*, double&, double&, double&, double&, int) (main.cpp:153)
==108726==    by 0x403268: degree() (main.cpp:187)
==108726==    by 0x403E4C: main (main.cpp:304)
==108726== 
==108726== 1,456 bytes in 91 blocks are definitely lost in loss record 8 of 13
==108726==    at 0x4843FF5: operator new(unsigned long) (vg_replace_malloc.c:434)
==108726==    by 0x409FE2: auxillary_graph(Graph*, Graph*, Graph*, std::vector<long long, std::allocator<long long> >&, std::vector<long long, std::allocator<long long> >&, std::vector<long long, std::allocator<long long> >&, std::vector<long long, std::allocator<long long> >&) (utils.cpp:577)
==108726==    by 0x416DB0: tarjan_vishkin(Graph*) (tarjan-vishkin.cpp:32)
==108726==    by 0x402F9E: runAlgorithms(Graph*, double&, double&, double&, double&, int) (main.cpp:147)
==108726==    by 0x403268: degree() (main.cpp:187)
==108726==    by 0x403E4C: main (main.cpp:304)
==108726== 
==108726== 1,456 bytes in 91 blocks are definitely lost in loss record 9 of 13
==108726==    at 0x4843FF5: operator new(unsigned long) (vg_replace_malloc.c:434)
==108726==    by 0x40A979: auxillary_graph_uf(Graph*, Graph*, Graph*, std::vector<long long, std::allocator<long long> >&, std::vector<long long, std::allocator<long long> >&, std::vector<long long, std::allocator<long long> >&, std::vector<long long, std::allocator<long long> >&) (utils.cpp:653)
==108726==    by 0x418C63: tarjan_vishkin_uf(Graph*) (tarjan-vishkin-uf.cpp:32)
==108726==    by 0x402FDE: runAlgorithms(Graph*, double&, double&, double&, double&, int) (main.cpp:151)
==108726==    by 0x403268: degree() (main.cpp:187)
==108726==    by 0x403E4C: main (main.cpp:304)
==108726== 
==108726== 1,872 bytes in 117 blocks are definitely lost in loss record 10 of 13
==108726==    at 0x4843FF5: operator new(unsigned long) (vg_replace_malloc.c:434)
==108726==    by 0x40A284: auxillary_graph(Graph*, Graph*, Graph*, std::vector<long long, std::allocator<long long> >&, std::vector<long long, std::allocator<long long> >&, std::vector<long long, std::allocator<long long> >&, std::vector<long long, std::allocator<long long> >&) (utils.cpp:600)
==108726==    by 0x416DB0: tarjan_vishkin(Graph*) (tarjan-vishkin.cpp:32)
==108726==    by 0x402F9E: runAlgorithms(Graph*, double&, double&, double&, double&, int) (main.cpp:147)
==108726==    by 0x403268: degree() (main.cpp:187)
==108726==    by 0x403E4C: main (main.cpp:304)
==108726== 
==108726== 1,872 bytes in 117 blocks are definitely lost in loss record 11 of 13
==108726==    at 0x4843FF5: operator new(unsigned long) (vg_replace_malloc.c:434)
==108726==    by 0x40AD07: auxillary_graph_uf(Graph*, Graph*, Graph*, std::vector<long long, std::allocator<long long> >&, std::vector<long long, std::allocator<long long> >&, std::vector<long long, std::allocator<long long> >&, std::vector<long long, std::allocator<long long> >&) (utils.cpp:690)
==108726==    by 0x418C63: tarjan_vishkin_uf(Graph*) (tarjan-vishkin-uf.cpp:32)
==108726==    by 0x402FDE: runAlgorithms(Graph*, double&, double&, double&, double&, int) (main.cpp:151)
==108726==    by 0x403268: degree() (main.cpp:187)
==108726==    by 0x403E4C: main (main.cpp:304)
==108726== 
==108726== 2,128 bytes in 7 blocks are possibly lost in loss record 12 of 13
==108726==    at 0x4848464: calloc (vg_replace_malloc.c:1340)
==108726==    by 0x4011412: UnknownInlinedFun (rtld-malloc.h:44)
==108726==    by 0x4011412: allocate_dtv (dl-tls.c:375)
==108726==    by 0x4011E11: _dl_allocate_tls (dl-tls.c:634)
==108726==    by 0x4C71CFE: pthread_create@@GLIBC_2.34 (in /usr/lib64/libc.so.6)
==108726==    by 0x4B99C5F: ??? (in /usr/lib64/libgomp.so.1.0.0)
==108726==    by 0x4B90760: GOMP_parallel (in /usr/lib64/libgomp.so.1.0.0)
==108726==    by 0x408FB2: euler_tour_parallel(Graph*, std::vector<long long, std::allocator<long long> >&) (utils.cpp:241)
==108726==    by 0x418667: tarjan_vishkin_parallel(Graph*) (tarjan-vishkin-parallel.cpp:39)
==108726==    by 0x402FBE: runAlgorithms(Graph*, double&, double&, double&, double&, int) (main.cpp:149)
==108726==    by 0x403268: degree() (main.cpp:187)
==108726==    by 0x403E4C: main (main.cpp:304)
==108726== 
==108726== LEAK SUMMARY:
==108726==    definitely lost: 9,232 bytes in 577 blocks
==108726==    indirectly lost: 0 bytes in 0 blocks
==108726==      possibly lost: 2,128 bytes in 7 blocks
==108726==    still reachable: 3,408 bytes in 4 blocks
==108726==         suppressed: 0 bytes in 0 blocks
==108726== Reachable blocks (those to which a pointer was found) are not shown.
==108726== To see them, rerun with: --leak-check=full --show-leak-kinds=all
==108726== 
==108726== For lists of detected and suppressed errors, rerun with: -s
==108726== ERROR SUMMARY: 2165 errors from 23 contexts (suppressed: 0 from 0)
